EN hex2asc NULL C:/Users/Steyr/Documents/C17UART+Trojan/Vin/HEX2ASC.vhd sub00/vhpl04 1462152334
AR circuit17 behavioral C:/Users/Steyr/Documents/C17UART+Trojan/Vin/Circuit17.vhd sub00/vhpl03 1462152333
EN display_unit NULL "C:/Users/Steyr/Documents/C17UART+Trojan/Vin/des_decrypt_wit_out - Copy.vhd" sub00/vhpl08 1462152338
EN dec2led NULL "C:/Users/Steyr/Documents/C17UART+Trojan/Vin/hex2LED - Copy.vhd" sub00/vhpl06 1462152336
EN circuit17 NULL C:/Users/Steyr/Documents/C17UART+Trojan/Vin/Circuit17.vhd sub00/vhpl02 1462152332
EN rs232refcomp NULL C:/Users/Steyr/Documents/C17UART+Trojan/Vin/RS232RefComp.vhd sub00/vhpl00 1462152330
AR dec2led behavioral "C:/Users/Steyr/Documents/C17UART+Trojan/Vin/hex2LED - Copy.vhd" sub00/vhpl07 1462152337
AR rs232refcomp behavioral C:/Users/Steyr/Documents/C17UART+Trojan/Vin/RS232RefComp.vhd sub00/vhpl01 1462152331
AR display_unit behavior "C:/Users/Steyr/Documents/C17UART+Trojan/Vin/des_decrypt_wit_out - Copy.vhd" sub00/vhpl09 1462152339
AR hex2asc behavioral C:/Users/Steyr/Documents/C17UART+Trojan/Vin/HEX2ASC.vhd sub00/vhpl05 1462152335
