V3 21
FL C:/Users/Steyr/Documents/C17UART+Trojan/Vin/Circuit17.vhd 2010/07/29.00:00:00 P.20131013
EN work/Circuit17 1462152332 \
      FL C:/Users/Steyr/Documents/C17UART+Trojan/Vin/Circuit17.vhd \
      PB ieee/std_logic_1164 1381692176 LB UNISIM PH unisim/VCOMPONENTS 1381692182
AR work/Circuit17/Behavioral 1462152333 \
      FL C:/Users/Steyr/Documents/C17UART+Trojan/Vin/Circuit17.vhd \
      EN work/Circuit17 1462152332 CP LUT2
FL "C:/Users/Steyr/Documents/C17UART+Trojan/Vin/des_decrypt_wit_out - Copy.vhd" 2016/05/01.21:23:30 P.20131013
EN work/DISPLAY_UNIT 1462152338 \
      FL "C:/Users/Steyr/Documents/C17UART+Trojan/Vin/des_decrypt_wit_out - Copy.vhd" \
      PB ieee/std_logic_1164 1381692176 PB ieee/NUMERIC_STD 1381692181 \
      PB ieee/std_logic_arith 1381692177 PB ieee/STD_LOGIC_UNSIGNED 1381692179
AR work/DISPLAY_UNIT/behavior 1462152339 \
      FL "C:/Users/Steyr/Documents/C17UART+Trojan/Vin/des_decrypt_wit_out - Copy.vhd" \
      EN work/DISPLAY_UNIT 1462152338 CP RS232RefComp CP Circuit17 CP HEX2ASC \
      CP Dec2LED
FL C:/Users/Steyr/Documents/C17UART+Trojan/Vin/HEX2ASC.vhd 2010/07/17.18:17:53 P.20131013
EN work/HEX2ASC 1462152334 \
      FL C:/Users/Steyr/Documents/C17UART+Trojan/Vin/HEX2ASC.vhd \
      PB ieee/std_logic_1164 1381692176 PB ieee/std_logic_arith 1381692177 \
      PB ieee/STD_LOGIC_UNSIGNED 1381692179
AR work/HEX2ASC/Behavioral 1462152335 \
      FL C:/Users/Steyr/Documents/C17UART+Trojan/Vin/HEX2ASC.vhd EN work/HEX2ASC 1462152334
FL "C:/Users/Steyr/Documents/C17UART+Trojan/Vin/hex2LED - Copy.vhd" 2010/02/17.09:28:38 P.20131013
EN work/Dec2LED 1462152336 \
      FL "C:/Users/Steyr/Documents/C17UART+Trojan/Vin/hex2LED - Copy.vhd" \
      PB ieee/std_logic_1164 1381692176 PB ieee/std_logic_arith 1381692177 \
      PB ieee/STD_LOGIC_UNSIGNED 1381692179
AR work/Dec2LED/Behavioral 1462152337 \
      FL "C:/Users/Steyr/Documents/C17UART+Trojan/Vin/hex2LED - Copy.vhd" \
      EN work/Dec2LED 1462152336
FL C:/Users/Steyr/Documents/C17UART+Trojan/Vin/RS232RefComp.vhd 2016/05/01.21:25:25 P.20131013
EN work/Rs232RefComp 1462152330 \
      FL C:/Users/Steyr/Documents/C17UART+Trojan/Vin/RS232RefComp.vhd \
      PB ieee/std_logic_1164 1381692176 PB ieee/std_logic_arith 1381692177 \
      PB ieee/STD_LOGIC_UNSIGNED 1381692179
AR work/Rs232RefComp/Behavioral 1462152331 \
      FL C:/Users/Steyr/Documents/C17UART+Trojan/Vin/RS232RefComp.vhd \
      EN work/Rs232RefComp 1462152330
